// Vitest Snapshot v1, https://vitest.dev/guide/snapshot.html

exports[`layout demos > ğŸ“¸ renders ./packages/layout/src/components/PageContainer/demos/fixHeader.tsx correctly 1`] = `<DocumentFragment />`;
