// Vitest Snapshot v1, https://vitest.dev/guide/snapshot.html

exports[`mobile BasicLayout > ğŸ“± collapsed=false 1`] = `<DocumentFragment />`;

exports[`mobile BasicLayout > ğŸ“± layout menuHeaderRender 1`] = `<DocumentFragment />`;

exports[`mobile BasicLayout > ğŸ“± layout menuHeaderRender 2`] = `<DocumentFragment />`;

exports[`mobile BasicLayout > ğŸ“± layout menuHeaderRender 3`] = `<DocumentFragment />`;

exports[`mobile BasicLayout > ğŸ“± layout menuHeaderRender 4`] = `<DocumentFragment />`;

exports[`mobile BasicLayout > ğŸ“± layout menuHeaderRender 5`] = `
<DocumentFragment>
  <div
    class="ant-design-pro ant-pro-layout screen-xs ant-pro-layout-fix-siderbar ant-pro-layout-mix"
  >
    <div
      class="ant-pro-layout-bg-list"
    />
    <div
      class="ant-layout"
      style="min-height: 100%; flex-direction: row;"
    >
      <div
        class="ant-pro-layout-container"
        style="position: relative;"
      >
        <header
          class="ant-layout-header"
          style="height: 56px; line-height: 56px; background-color: transparent; z-index: 19;"
        />
        <header
          class="ant-layout-header ant-pro-layout-header ant-pro-layout-header-fixed-header ant-pro-layout-header-mix ant-pro-layout-header-header"
        >
          <div
            class="ant-pro-global-header"
          >
            <span
              class="ant-pro-global-header-collapsed-button"
            >
              <span
                aria-label="menu"
                class="anticon anticon-menu"
                role="img"
              >
                <svg
                  aria-hidden="true"
                  data-icon="menu"
                  fill="currentColor"
                  focusable="false"
                  height="1em"
                  viewBox="64 64 896 896"
                  width="1em"
                >
                  <path
                    d="M904 160H120c-4.4 0-8 3.6-8 8v64c0 4.4 3.6 8 8 8h784c4.4 0 8-3.6 8-8v-64c0-4.4-3.6-8-8-8zm0 624H120c-4.4 0-8 3.6-8 8v64c0 4.4 3.6 8 8 8h784c4.4 0 8-3.6 8-8v-64c0-4.4-3.6-8-8-8zm0-312H120c-4.4 0-8 3.6-8 8v64c0 4.4 3.6 8 8 8h784c4.4 0 8-3.6 8-8v-64c0-4.4-3.6-8-8-8z"
                  />
                </svg>
              </span>
            </span>
            title
            <div
              style="flex-grow: 1; flex-shrink: 1; flex-basis: 0%;"
            />
          </div>
        </header>
        <main
          class="ant-layout-content ant-pro-layout-content ant-pro-layout-has-header"
        >
          welcome
        </main>
      </div>
    </div>
  </div>
</DocumentFragment>
`;

exports[`mobile BasicLayout > ğŸ“± layout menuHeaderRender 6`] = `
<DocumentFragment>
  <div
    class="ant-design-pro ant-pro-layout screen-xs ant-pro-layout-fix-siderbar ant-pro-layout-mix"
  >
    <div
      class="ant-pro-layout-bg-list"
    />
    <div
      class="ant-layout"
      style="min-height: 100%; flex-direction: row;"
    >
      <div
        class="ant-pro-layout-container"
        style="position: relative;"
      >
        <header
          class="ant-layout-header"
          style="height: 56px; line-height: 56px; background-color: transparent; z-index: 19;"
        />
        <header
          class="ant-layout-header ant-pro-layout-header ant-pro-layout-header-fixed-header ant-pro-layout-header-mix ant-pro-layout-header-header"
        >
          <div
            class="ant-pro-global-header"
          >
            <span
              class="ant-pro-global-header-collapsed-button"
            >
              <span
                aria-label="menu"
                class="anticon anticon-menu"
                role="img"
              >
                <svg
                  aria-hidden="true"
                  data-icon="menu"
                  fill="currentColor"
                  focusable="false"
                  height="1em"
                  viewBox="64 64 896 896"
                  width="1em"
                >
                  <path
                    d="M904 160H120c-4.4 0-8 3.6-8 8v64c0 4.4 3.6 8 8 8h784c4.4 0 8-3.6 8-8v-64c0-4.4-3.6-8-8-8zm0 624H120c-4.4 0-8 3.6-8 8v64c0 4.4 3.6 8 8 8h784c4.4 0 8-3.6 8-8v-64c0-4.4-3.6-8-8-8zm0-312H120c-4.4 0-8 3.6-8 8v64c0 4.4 3.6 8 8 8h784c4.4 0 8-3.6 8-8v-64c0-4.4-3.6-8-8-8z"
                  />
                </svg>
              </span>
            </span>
            title
            <div
              style="flex-grow: 1; flex-shrink: 1; flex-basis: 0%;"
            />
          </div>
        </header>
        <main
          class="ant-layout-content ant-pro-layout-content ant-pro-layout-has-header"
        >
          welcome
        </main>
      </div>
    </div>
  </div>
</DocumentFragment>
`;
