// Vitest Snapshot v1, https://vitest.dev/guide/snapshot.html

exports[`WaterMark > renders watermark with custom styles 1`] = `
<div>
  <div
    class="ant-pro-layout-watermark-wrapper"
    style="position: relative; background-color: rgba(0, 0, 0, 0.1);"
  >
    <div
      style="height: 500px;"
    >
      Content
    </div>
    <div
      class="ant-pro-layout-watermark"
      style="z-index: 9; position: absolute; left: 0px; top: 0px; width: 100%; height: 100%; background-size: 332px; pointer-events: none; background-repeat: repeat; color: red;"
    />
  </div>
</div>
`;

exports[`WaterMark > renders watermark with multiline text content 1`] = `
<div>
  <div
    class="ant-pro-layout-watermark-wrapper"
    style="position: relative;"
  >
    <div
      style="height: 500px;"
    >
      Content
    </div>
    <div
      class="ant-pro-layout-watermark"
      style="z-index: 9; position: absolute; left: 0px; top: 0px; width: 100%; height: 100%; background-size: 332px; pointer-events: none; background-repeat: repeat;"
    />
  </div>
</div>
`;

exports[`WaterMark > renders watermark with rotation 1`] = `
<div>
  <div
    class="ant-pro-layout-watermark-wrapper"
    style="position: relative;"
  >
    <div
      style="height: 500px;"
    >
      Content
    </div>
    <div
      class="ant-pro-layout-watermark"
      style="z-index: 9; position: absolute; left: 0px; top: 0px; width: 100%; height: 100%; background-size: 332px; pointer-events: none; background-repeat: repeat;"
    />
  </div>
</div>
`;

exports[`WaterMark > renders without content when content prop is not provided 1`] = `
<div>
  <div
    class="ant-pro-layout-watermark-wrapper"
    style="position: relative;"
  >
    <div
      style="height: 500px;"
    >
      Content
    </div>
    <div
      class="ant-pro-layout-watermark"
      style="z-index: 9; position: absolute; left: 0px; top: 0px; width: 100%; height: 100%; background-size: 332px; pointer-events: none; background-repeat: repeat;"
    />
  </div>
</div>
`;

exports[`WaterMark > renders without watermark when both image and content props are not provided 1`] = `
<div>
  <div
    class="ant-pro-layout-watermark-wrapper"
    style="position: relative;"
  >
    <div
      style="height: 500px;"
    >
      Content
    </div>
    <div
      class="ant-pro-layout-watermark"
      style="z-index: 9; position: absolute; left: 0px; top: 0px; width: 100%; height: 100%; background-size: 332px; pointer-events: none; background-repeat: repeat;"
    />
  </div>
</div>
`;

exports[`WaterMark > test image watermark 1`] = `
<div>
  <div
    class="ant-pro-layout-watermark-wrapper"
    style="position: relative;"
  >
    <div
      style="height: 500px;"
    >
      123
    </div>
    <div
      class="ant-pro-layout-watermark"
      style="z-index: 9; position: absolute; left: 0px; top: 0px; width: 100%; height: 100%; background-size: 332px; pointer-events: none; background-repeat: repeat;"
    />
  </div>
</div>
`;

exports[`WaterMark > test text watermark 1`] = `
<DocumentFragment>
  <div
    class="ant-pro-layout-watermark-wrapper"
    style="position: relative;"
  >
    <div
      style="height: 500px;"
    />
    <div
      class="ant-pro-layout-watermark"
      style="z-index: 9; position: absolute; left: 0px; top: 0px; width: 100%; height: 100%; background-size: 332px; pointer-events: none; background-repeat: repeat;"
    />
  </div>
</DocumentFragment>
`;
