// Vitest Snapshot v1, https://vitest.dev/guide/snapshot.html

exports[`dragSort > 🔥 [dragSort] custom render function 1`] = `
<span
  aria-label="menu"
  class="anticon anticon-menu dragSortCustomHandle"
  role="img"
  style="cursor: grab; color: gold;"
>
  <svg
    aria-hidden="true"
    data-icon="menu"
    fill="currentColor"
    focusable="false"
    height="1em"
    viewBox="64 64 896 896"
    width="1em"
  >
    <path
      d="M904 160H120c-4.4 0-8 3.6-8 8v64c0 4.4 3.6 8 8 8h784c4.4 0 8-3.6 8-8v-64c0-4.4-3.6-8-8-8zm0 624H120c-4.4 0-8 3.6-8 8v64c0 4.4 3.6 8 8 8h784c4.4 0 8-3.6 8-8v-64c0-4.4-3.6-8-8-8zm0-312H120c-4.4 0-8 3.6-8 8v64c0 4.4 3.6 8 8 8h784c4.4 0 8-3.6 8-8v-64c0-4.4-3.6-8-8-8z"
    />
  </svg>
</span>
`;

exports[`dragSort > 🔥 [dragSort] custom render function 2`] = `
<span
  class="customRender"
>
  自定义排序[kiner-0]
</span>
`;

exports[`dragSort > 🔥 [dragSort] render drag sort custom handle by dragSortHandlerRender 1`] = `
<span
  aria-label="menu"
  class="anticon anticon-menu dragSortCustomHandle"
  role="img"
  style="cursor: grab; color: gold;"
>
  <svg
    aria-hidden="true"
    data-icon="menu"
    fill="currentColor"
    focusable="false"
    height="1em"
    viewBox="64 64 896 896"
    width="1em"
  >
    <path
      d="M904 160H120c-4.4 0-8 3.6-8 8v64c0 4.4 3.6 8 8 8h784c4.4 0 8-3.6 8-8v-64c0-4.4-3.6-8-8-8zm0 624H120c-4.4 0-8 3.6-8 8v64c0 4.4 3.6 8 8 8h784c4.4 0 8-3.6 8-8v-64c0-4.4-3.6-8-8-8zm0-312H120c-4.4 0-8 3.6-8 8v64c0 4.4 3.6 8 8 8h784c4.4 0 8-3.6 8-8v-64c0-4.4-3.6-8-8-8z"
    />
  </svg>
</span>
`;

exports[`dragSort > 🔥 [dragSort] render drag sort default handle by dragSortKey 1`] = `null`;
