// Vitest Snapshot v1, https://vitest.dev/guide/snapshot.html

exports[`BasicTable SearchGutter > üéè ProTable support searchGutter 1`] = `
<form
  autocomplete="off"
  class="ant-form ant-form-horizontal ant-pro-query-filter ant-pro-form"
>
  <input
    style="display: none;"
    type="text"
  />
  <div
    class="ant-row ant-row-start ant-pro-query-filter-row"
    style="margin-left: -8px; margin-right: -8px; row-gap: 24px;"
  >
    <div
      class="ant-col ant-col-8 ant-pro-query-filter-row-split"
      style="padding-left: 8px; padding-right: 8px;"
    >
      <div
        class="ant-form-item"
        style="flex-wrap: nowrap;"
      >
        <div
          class="ant-row ant-form-item-row"
        >
          <div
            class="ant-col ant-form-item-control"
            style="max-width: calc(100% - 80px);"
          >
            <div
              class="ant-form-item-control-input"
            >
              <div
                class="ant-form-item-control-input-content"
              >
                <div
                  class="ant-input-number ant-input-number-in-form-item ant-input-number-outlined"
                  style="width: 100%;"
                >
                  <div
                    class="ant-input-number-handler-wrap"
                  >
                    <span
                      aria-disabled="false"
                      aria-label="Increase Value"
                      class="ant-input-number-handler ant-input-number-handler-up"
                      role="button"
                      unselectable="on"
                    >
                      <span
                        aria-label="up"
                        class="anticon anticon-up ant-input-number-handler-up-inner"
                        role="img"
                      >
                        <svg
                          aria-hidden="true"
                          data-icon="up"
                          fill="currentColor"
                          focusable="false"
                          height="1em"
                          viewBox="64 64 896 896"
                          width="1em"
                        >
                          <path
                            d="M890.5 755.3L537.9 269.2c-12.8-17.6-39-17.6-51.7 0L133.5 755.3A8 8 0 00140 768h75c5.1 0 9.9-2.5 12.9-6.6L512 369.8l284.1 391.6c3 4.1 7.8 6.6 12.9 6.6h75c6.5 0 10.3-7.4 6.5-12.7z"
                          />
                        </svg>
                      </span>
                    </span>
                    <span
                      aria-disabled="false"
                      aria-label="Decrease Value"
                      class="ant-input-number-handler ant-input-number-handler-down"
                      role="button"
                      unselectable="on"
                    >
                      <span
                        aria-label="down"
                        class="anticon anticon-down ant-input-number-handler-down-inner"
                        role="img"
                      >
                        <svg
                          aria-hidden="true"
                          data-icon="down"
                          fill="currentColor"
                          focusable="false"
                          height="1em"
                          viewBox="64 64 896 896"
                          width="1em"
                        >
                          <path
                            d="M884 256h-75c-5.1 0-9.9 2.5-12.9 6.6L512 654.2 227.9 262.6c-3-4.1-7.8-6.6-12.9-6.6h-75c-6.5 0-10.3 7.4-6.5 12.7l352.6 486.1c12.8 17.6 39 17.6 51.7 0l352.6-486.1c3.9-5.3.1-12.7-6.4-12.7z"
                          />
                        </svg>
                      </span>
                    </span>
                  </div>
                  <div
                    class="ant-input-number-input-wrap"
                  >
                    <input
                      autocomplete="off"
                      class="ant-input-number-input"
                      id="money"
                      placeholder="ËØ∑ËæìÂÖ•"
                      role="spinbutton"
                      step="1"
                      value=""
                    />
                  </div>
                </div>
              </div>
            </div>
          </div>
        </div>
      </div>
    </div>
    <div
      class="ant-col ant-col-8 ant-col-offset-8"
      style="padding-left: 8px; padding-right: 8px; text-align: end;"
    >
      <div
        class="ant-form-item ant-pro-query-filter-actions"
      >
        <div
          class="ant-row ant-form-item-row"
        >
          <div
            class="ant-col ant-form-item-label"
          >
            <label
              class="ant-form-item-no-colon"
              title=" "
            >
               
            </label>
          </div>
          <div
            class="ant-col ant-form-item-control"
          >
            <div
              class="ant-form-item-control-input"
            >
              <div
                class="ant-form-item-control-input-content"
              >
                <div
                  class="ant-space ant-space-horizontal ant-space-align-center"
                  style="column-gap: 16px; row-gap: 16px;"
                >
                  <div
                    class="ant-space-item"
                  >
                    <div
                      style="display: flex; gap: 8px; align-items: center;"
                    >
                      <button
                        class="ant-btn ant-btn-default ant-btn-color-default ant-btn-variant-outlined"
                        type="button"
                      >
                        <span>
                          Èáç ÁΩÆ
                        </span>
                      </button>
                      <button
                        class="ant-btn ant-btn-primary ant-btn-color-primary ant-btn-variant-solid"
                        type="button"
                      >
                        <span>
                          Êü• ËØ¢
                        </span>
                      </button>
                    </div>
                  </div>
                </div>
              </div>
            </div>
          </div>
        </div>
      </div>
    </div>
  </div>
</form>
`;
