// Vitest Snapshot v1, https://vitest.dev/guide/snapshot.html

exports[`Table valueEnum > 🎏 customization valueType 1`] = `<DocumentFragment />`;
