// Vitest Snapshot v1, https://vitest.dev/guide/snapshot.html

exports[`ProForm List > ⛲ ProForm.List use behavior guard when triggering behavior 1`] = `
<body>
  <div>
    <form
      autocomplete="off"
      class="ant-form ant-form-vertical ant-pro-form"
    >
      <input
        style="display: none;"
        type="text"
      />
      <div
        class="ant-pro-form-list"
      >
        <div
          class="ant-form-item"
        >
          <div
            class="ant-row ant-form-item-row"
          >
            <div
              class="ant-col ant-form-item-label"
            >
              <label
                class=""
                title="用户信息"
              >
                用户信息
              </label>
            </div>
            <div
              class="ant-col ant-form-item-control"
            >
              <div
                class="ant-form-item-control-input"
              >
                <div
                  class="ant-form-item-control-input-content"
                >
                  <div
                    style="max-width: 100%; min-width: 100%;"
                  >
                    <div
                      class="ant-pro-form-list-item ant-pro-form-list-item-default"
                      style="display: flex; align-items: flex-end;"
                    >
                      <div
                        class="ant-pro-form-list-container"
                      >
                        <div
                          class="ant-form-item"
                        >
                          <div
                            class="ant-row ant-form-item-row"
                          >
                            <div
                              class="ant-col ant-form-item-label"
                            >
                              <label
                                class=""
                                for="users_0_name"
                                title="姓名"
                              >
                                姓名
                              </label>
                            </div>
                            <div
                              class="ant-col ant-form-item-control"
                            >
                              <div
                                class="ant-form-item-control-input"
                              >
                                <div
                                  class="ant-form-item-control-input-content"
                                >
                                  <span
                                    class="ant-input-affix-wrapper ant-input-outlined"
                                  >
                                    <input
                                      class="ant-input"
                                      id="users_0_name"
                                      placeholder="请输入"
                                      type="text"
                                      value="1111"
                                    />
                                    <span
                                      class="ant-input-suffix"
                                    >
                                      <span
                                        class="ant-input-clear-icon"
                                        role="button"
                                        tabindex="-1"
                                      >
                                        <span
                                          aria-label="close-circle"
                                          class="anticon anticon-close-circle"
                                          role="img"
                                        >
                                          <svg
                                            aria-hidden="true"
                                            data-icon="close-circle"
                                            fill="currentColor"
                                            fill-rule="evenodd"
                                            focusable="false"
                                            height="1em"
                                            viewBox="64 64 896 896"
                                            width="1em"
                                          >
                                            <path
                                              d="M512 64c247.4 0 448 200.6 448 448S759.4 960 512 960 64 759.4 64 512 264.6 64 512 64zm127.98 274.82h-.04l-.08.06L512 466.75 384.14 338.88c-.04-.05-.06-.06-.08-.06a.12.12 0 00-.07 0c-.03 0-.05.01-.09.05l-45.02 45.02a.2.2 0 00-.05.09.12.12 0 000 .07v.02a.27.27 0 00.06.06L466.75 512 338.88 639.86c-.05.04-.06.06-.06.08a.12.12 0 000 .07c0 .03.01.05.05.09l45.02 45.02a.2.2 0 00.09.05.12.12 0 00.07 0c.02 0 .04-.01.08-.05L512 557.25l127.86 127.87c.04.04.06.05.08.05a.12.12 0 00.07 0c.03 0 .05-.01.09-.05l45.02-45.02a.2.2 0 00.05-.09.12.12 0 000-.07v-.02a.27.27 0 00-.05-.06L557.25 512l127.87-127.86c.04-.04.05-.06.05-.08a.12.12 0 000-.07c0-.03-.01-.05-.05-.09l-45.02-45.02a.2.2 0 00-.09-.05.12.12 0 00-.07 0z"
                                            />
                                          </svg>
                                        </span>
                                      </span>
                                    </span>
                                  </span>
                                </div>
                              </div>
                            </div>
                          </div>
                        </div>
                      </div>
                      <div
                        class="ant-pro-form-list-action"
                      >
                        <span
                          aria-label="snippets"
                          class="anticon anticon-snippets ant-pro-form-list-action-icon action-copy"
                          role="img"
                          tabindex="-1"
                        >
                          <svg
                            aria-hidden="true"
                            data-icon="snippets"
                            fill="currentColor"
                            focusable="false"
                            height="1em"
                            viewBox="64 64 896 896"
                            width="1em"
                          >
                            <path
                              d="M832 112H724V72c0-4.4-3.6-8-8-8h-56c-4.4 0-8 3.6-8 8v40H500V72c0-4.4-3.6-8-8-8h-56c-4.4 0-8 3.6-8 8v40H320c-17.7 0-32 14.3-32 32v120h-96c-17.7 0-32 14.3-32 32v632c0 17.7 14.3 32 32 32h512c17.7 0 32-14.3 32-32v-96h96c17.7 0 32-14.3 32-32V144c0-17.7-14.3-32-32-32zM664 888H232V336h218v174c0 22.1 17.9 40 40 40h174v338zm0-402H514V336h.2L664 485.8v.2zm128 274h-56V456L544 264H360v-80h68v32c0 4.4 3.6 8 8 8h56c4.4 0 8-3.6 8-8v-32h152v32c0 4.4 3.6 8 8 8h56c4.4 0 8-3.6 8-8v-32h68v576z"
                            />
                          </svg>
                        </span>
                        <span
                          aria-label="close"
                          class="anticon anticon-close ant-pro-form-list-action-icon action-remove"
                          role="img"
                          tabindex="-1"
                        >
                          <svg
                            aria-hidden="true"
                            data-icon="close"
                            fill="currentColor"
                            fill-rule="evenodd"
                            focusable="false"
                            height="1em"
                            viewBox="64 64 896 896"
                            width="1em"
                          >
                            <path
                              d="M799.86 166.31c.02 0 .04.02.08.06l57.69 57.7c.04.03.05.05.06.08a.12.12 0 010 .06c0 .03-.02.05-.06.09L569.93 512l287.7 287.7c.04.04.05.06.06.09a.12.12 0 010 .07c0 .02-.02.04-.06.08l-57.7 57.69c-.03.04-.05.05-.07.06a.12.12 0 01-.07 0c-.03 0-.05-.02-.09-.06L512 569.93l-287.7 287.7c-.04.04-.06.05-.09.06a.12.12 0 01-.07 0c-.02 0-.04-.02-.08-.06l-57.69-57.7c-.04-.03-.05-.05-.06-.07a.12.12 0 010-.07c0-.03.02-.05.06-.09L454.07 512l-287.7-287.7c-.04-.04-.05-.06-.06-.09a.12.12 0 010-.07c0-.02.02-.04.06-.08l57.7-57.69c.03-.04.05-.05.07-.06a.12.12 0 01.07 0c.03 0 .05.02.09.06L512 454.07l287.7-287.7c.04-.04.06-.05.09-.06a.12.12 0 01.07 0z"
                            />
                          </svg>
                        </span>
                      </div>
                    </div>
                    <div
                      class="ant-pro-form-list-item ant-pro-form-list-item-default"
                      style="display: flex; align-items: flex-end;"
                    >
                      <div
                        class="ant-pro-form-list-container"
                      >
                        <div
                          class="ant-form-item"
                        >
                          <div
                            class="ant-row ant-form-item-row"
                          >
                            <div
                              class="ant-col ant-form-item-label"
                            >
                              <label
                                class=""
                                for="users_1_name"
                                title="姓名"
                              >
                                姓名
                              </label>
                            </div>
                            <div
                              class="ant-col ant-form-item-control"
                            >
                              <div
                                class="ant-form-item-control-input"
                              >
                                <div
                                  class="ant-form-item-control-input-content"
                                >
                                  <span
                                    class="ant-input-affix-wrapper ant-input-outlined"
                                  >
                                    <input
                                      class="ant-input"
                                      id="users_1_name"
                                      placeholder="请输入"
                                      type="text"
                                      value=""
                                    />
                                    <span
                                      class="ant-input-suffix"
                                    >
                                      <span
                                        class="ant-input-clear-icon ant-input-clear-icon-hidden"
                                        role="button"
                                        tabindex="-1"
                                      >
                                        <span
                                          aria-label="close-circle"
                                          class="anticon anticon-close-circle"
                                          role="img"
                                        >
                                          <svg
                                            aria-hidden="true"
                                            data-icon="close-circle"
                                            fill="currentColor"
                                            fill-rule="evenodd"
                                            focusable="false"
                                            height="1em"
                                            viewBox="64 64 896 896"
                                            width="1em"
                                          >
                                            <path
                                              d="M512 64c247.4 0 448 200.6 448 448S759.4 960 512 960 64 759.4 64 512 264.6 64 512 64zm127.98 274.82h-.04l-.08.06L512 466.75 384.14 338.88c-.04-.05-.06-.06-.08-.06a.12.12 0 00-.07 0c-.03 0-.05.01-.09.05l-45.02 45.02a.2.2 0 00-.05.09.12.12 0 000 .07v.02a.27.27 0 00.06.06L466.75 512 338.88 639.86c-.05.04-.06.06-.06.08a.12.12 0 000 .07c0 .03.01.05.05.09l45.02 45.02a.2.2 0 00.09.05.12.12 0 00.07 0c.02 0 .04-.01.08-.05L512 557.25l127.86 127.87c.04.04.06.05.08.05a.12.12 0 00.07 0c.03 0 .05-.01.09-.05l45.02-45.02a.2.2 0 00.05-.09.12.12 0 000-.07v-.02a.27.27 0 00-.05-.06L557.25 512l127.87-127.86c.04-.04.05-.06.05-.08a.12.12 0 000-.07c0-.03-.01-.05-.05-.09l-45.02-45.02a.2.2 0 00-.09-.05.12.12 0 00-.07 0z"
                                            />
                                          </svg>
                                        </span>
                                      </span>
                                    </span>
                                  </span>
                                </div>
                              </div>
                            </div>
                          </div>
                        </div>
                      </div>
                      <div
                        class="ant-pro-form-list-action"
                      >
                        <span
                          aria-label="snippets"
                          class="anticon anticon-snippets ant-pro-form-list-action-icon action-copy"
                          role="img"
                          tabindex="-1"
                        >
                          <svg
                            aria-hidden="true"
                            data-icon="snippets"
                            fill="currentColor"
                            focusable="false"
                            height="1em"
                            viewBox="64 64 896 896"
                            width="1em"
                          >
                            <path
                              d="M832 112H724V72c0-4.4-3.6-8-8-8h-56c-4.4 0-8 3.6-8 8v40H500V72c0-4.4-3.6-8-8-8h-56c-4.4 0-8 3.6-8 8v40H320c-17.7 0-32 14.3-32 32v120h-96c-17.7 0-32 14.3-32 32v632c0 17.7 14.3 32 32 32h512c17.7 0 32-14.3 32-32v-96h96c17.7 0 32-14.3 32-32V144c0-17.7-14.3-32-32-32zM664 888H232V336h218v174c0 22.1 17.9 40 40 40h174v338zm0-402H514V336h.2L664 485.8v.2zm128 274h-56V456L544 264H360v-80h68v32c0 4.4 3.6 8 8 8h56c4.4 0 8-3.6 8-8v-32h152v32c0 4.4 3.6 8 8 8h56c4.4 0 8-3.6 8-8v-32h68v576z"
                            />
                          </svg>
                        </span>
                        <span
                          aria-label="close"
                          class="anticon anticon-close ant-pro-form-list-action-icon action-remove"
                          role="img"
                          tabindex="-1"
                        >
                          <svg
                            aria-hidden="true"
                            data-icon="close"
                            fill="currentColor"
                            fill-rule="evenodd"
                            focusable="false"
                            height="1em"
                            viewBox="64 64 896 896"
                            width="1em"
                          >
                            <path
                              d="M799.86 166.31c.02 0 .04.02.08.06l57.69 57.7c.04.03.05.05.06.08a.12.12 0 010 .06c0 .03-.02.05-.06.09L569.93 512l287.7 287.7c.04.04.05.06.06.09a.12.12 0 010 .07c0 .02-.02.04-.06.08l-57.7 57.69c-.03.04-.05.05-.07.06a.12.12 0 01-.07 0c-.03 0-.05-.02-.09-.06L512 569.93l-287.7 287.7c-.04.04-.06.05-.09.06a.12.12 0 01-.07 0c-.02 0-.04-.02-.08-.06l-57.69-57.7c-.04-.03-.05-.05-.06-.07a.12.12 0 010-.07c0-.03.02-.05.06-.09L454.07 512l-287.7-287.7c-.04-.04-.05-.06-.06-.09a.12.12 0 010-.07c0-.02.02-.04.06-.08l57.7-57.69c.03-.04.05-.05.07-.06a.12.12 0 01.07 0c.03 0 .05.02.09.06L512 454.07l287.7-287.7c.04-.04.06-.05.09-.06a.12.12 0 01.07 0z"
                            />
                          </svg>
                        </span>
                      </div>
                    </div>
                    <div
                      class="ant-pro-form-list-item ant-pro-form-list-item-default"
                      style="display: flex; align-items: flex-end;"
                    >
                      <div
                        class="ant-pro-form-list-container"
                      >
                        <div
                          class="ant-form-item"
                        >
                          <div
                            class="ant-row ant-form-item-row"
                          >
                            <div
                              class="ant-col ant-form-item-label"
                            >
                              <label
                                class=""
                                for="users_2_name"
                                title="姓名"
                              >
                                姓名
                              </label>
                            </div>
                            <div
                              class="ant-col ant-form-item-control"
                            >
                              <div
                                class="ant-form-item-control-input"
                              >
                                <div
                                  class="ant-form-item-control-input-content"
                                >
                                  <span
                                    class="ant-input-affix-wrapper ant-input-outlined"
                                  >
                                    <input
                                      class="ant-input"
                                      id="users_2_name"
                                      placeholder="请输入"
                                      type="text"
                                      value="1111"
                                    />
                                    <span
                                      class="ant-input-suffix"
                                    >
                                      <span
                                        class="ant-input-clear-icon"
                                        role="button"
                                        tabindex="-1"
                                      >
                                        <span
                                          aria-label="close-circle"
                                          class="anticon anticon-close-circle"
                                          role="img"
                                        >
                                          <svg
                                            aria-hidden="true"
                                            data-icon="close-circle"
                                            fill="currentColor"
                                            fill-rule="evenodd"
                                            focusable="false"
                                            height="1em"
                                            viewBox="64 64 896 896"
                                            width="1em"
                                          >
                                            <path
                                              d="M512 64c247.4 0 448 200.6 448 448S759.4 960 512 960 64 759.4 64 512 264.6 64 512 64zm127.98 274.82h-.04l-.08.06L512 466.75 384.14 338.88c-.04-.05-.06-.06-.08-.06a.12.12 0 00-.07 0c-.03 0-.05.01-.09.05l-45.02 45.02a.2.2 0 00-.05.09.12.12 0 000 .07v.02a.27.27 0 00.06.06L466.75 512 338.88 639.86c-.05.04-.06.06-.06.08a.12.12 0 000 .07c0 .03.01.05.05.09l45.02 45.02a.2.2 0 00.09.05.12.12 0 00.07 0c.02 0 .04-.01.08-.05L512 557.25l127.86 127.87c.04.04.06.05.08.05a.12.12 0 00.07 0c.03 0 .05-.01.09-.05l45.02-45.02a.2.2 0 00.05-.09.12.12 0 000-.07v-.02a.27.27 0 00-.05-.06L557.25 512l127.87-127.86c.04-.04.05-.06.05-.08a.12.12 0 000-.07c0-.03-.01-.05-.05-.09l-45.02-45.02a.2.2 0 00-.09-.05.12.12 0 00-.07 0z"
                                            />
                                          </svg>
                                        </span>
                                      </span>
                                    </span>
                                  </span>
                                </div>
                              </div>
                            </div>
                          </div>
                        </div>
                      </div>
                      <div
                        class="ant-pro-form-list-action"
                      >
                        <span
                          aria-label="snippets"
                          class="anticon anticon-snippets ant-pro-form-list-action-icon action-copy"
                          role="img"
                          tabindex="-1"
                        >
                          <svg
                            aria-hidden="true"
                            data-icon="snippets"
                            fill="currentColor"
                            focusable="false"
                            height="1em"
                            viewBox="64 64 896 896"
                            width="1em"
                          >
                            <path
                              d="M832 112H724V72c0-4.4-3.6-8-8-8h-56c-4.4 0-8 3.6-8 8v40H500V72c0-4.4-3.6-8-8-8h-56c-4.4 0-8 3.6-8 8v40H320c-17.7 0-32 14.3-32 32v120h-96c-17.7 0-32 14.3-32 32v632c0 17.7 14.3 32 32 32h512c17.7 0 32-14.3 32-32v-96h96c17.7 0 32-14.3 32-32V144c0-17.7-14.3-32-32-32zM664 888H232V336h218v174c0 22.1 17.9 40 40 40h174v338zm0-402H514V336h.2L664 485.8v.2zm128 274h-56V456L544 264H360v-80h68v32c0 4.4 3.6 8 8 8h56c4.4 0 8-3.6 8-8v-32h152v32c0 4.4 3.6 8 8 8h56c4.4 0 8-3.6 8-8v-32h68v576z"
                            />
                          </svg>
                        </span>
                        <span
                          aria-label="close"
                          class="anticon anticon-close ant-pro-form-list-action-icon action-remove"
                          role="img"
                          tabindex="-1"
                        >
                          <svg
                            aria-hidden="true"
                            data-icon="close"
                            fill="currentColor"
                            fill-rule="evenodd"
                            focusable="false"
                            height="1em"
                            viewBox="64 64 896 896"
                            width="1em"
                          >
                            <path
                              d="M799.86 166.31c.02 0 .04.02.08.06l57.69 57.7c.04.03.05.05.06.08a.12.12 0 010 .06c0 .03-.02.05-.06.09L569.93 512l287.7 287.7c.04.04.05.06.06.09a.12.12 0 010 .07c0 .02-.02.04-.06.08l-57.7 57.69c-.03.04-.05.05-.07.06a.12.12 0 01-.07 0c-.03 0-.05-.02-.09-.06L512 569.93l-287.7 287.7c-.04.04-.06.05-.09.06a.12.12 0 01-.07 0c-.02 0-.04-.02-.08-.06l-57.69-57.7c-.04-.03-.05-.05-.06-.07a.12.12 0 010-.07c0-.03.02-.05.06-.09L454.07 512l-287.7-287.7c-.04-.04-.05-.06-.06-.09a.12.12 0 010-.07c0-.02.02-.04.06-.08l57.7-57.69c.03-.04.05-.05.07-.06a.12.12 0 01.07 0c.03 0 .05.02.09.06L512 454.07l287.7-287.7c.04-.04.06-.05.09-.06a.12.12 0 01.07 0z"
                            />
                          </svg>
                        </span>
                      </div>
                    </div>
                    <button
                      class="ant-btn ant-btn-dashed ant-btn-color-default ant-btn-variant-dashed ant-btn-block ant-pro-form-list-creator-button-bottom"
                      type="button"
                    >
                      <span
                        class="ant-btn-icon"
                      >
                        <span
                          aria-label="plus"
                          class="anticon anticon-plus"
                          role="img"
                        >
                          <svg
                            aria-hidden="true"
                            data-icon="plus"
                            fill="currentColor"
                            focusable="false"
                            height="1em"
                            viewBox="64 64 896 896"
                            width="1em"
                          >
                            <path
                              d="M482 152h60q8 0 8 8v704q0 8-8 8h-60q-8 0-8-8V160q0-8 8-8z"
                            />
                            <path
                              d="M192 474h672q8 0 8 8v60q0 8-8 8H160q-8 0-8-8v-60q0-8 8-8z"
                            />
                          </svg>
                        </span>
                      </span>
                      <span>
                        添加一行数据
                      </span>
                    </button>
                  </div>
                </div>
              </div>
            </div>
          </div>
        </div>
      </div>
      <div
        style="display: flex; gap: 8px; align-items: center;"
      >
        <button
          class="ant-btn ant-btn-default ant-btn-color-default ant-btn-variant-outlined"
          type="button"
        >
          <span>
            重 置
          </span>
        </button>
        <button
          class="ant-btn ant-btn-primary ant-btn-color-primary ant-btn-variant-solid"
          type="button"
        >
          <span>
            提 交
          </span>
        </button>
      </div>
    </form>
  </div>
</body>
`;
