// Vitest Snapshot v1, https://vitest.dev/guide/snapshot.html

exports[`üíµ ProFormMoney > üíµ ProFormMoney value expect number 1`] = `
<div>
  <form
    autocomplete="off"
    class="ant-form ant-form-vertical ant-pro-form"
  >
    <input
      style="display: none;"
      type="text"
    />
    <div
      class="ant-form-item ant-form-item-vertical"
    >
      <div
        class="ant-row ant-form-item-row"
      >
        <div
          class="ant-col ant-form-item-control"
        >
          <div
            class="ant-form-item-control-input"
          >
            <div
              class="ant-form-item-control-input-content"
            >
              <div
                class="ant-input-number ant-input-number-in-form-item ant-input-number-outlined ant-input-number-focused"
                style="width: 100%;"
              >
                <div
                  class="ant-input-number-handler-wrap"
                >
                  <span
                    aria-disabled="false"
                    aria-label="Increase Value"
                    class="ant-input-number-handler ant-input-number-handler-up"
                    role="button"
                    unselectable="on"
                  >
                    <span
                      aria-label="up"
                      class="anticon anticon-up ant-input-number-handler-up-inner"
                      role="img"
                    >
                      <svg
                        aria-hidden="true"
                        data-icon="up"
                        fill="currentColor"
                        focusable="false"
                        height="1em"
                        viewBox="64 64 896 896"
                        width="1em"
                      >
                        <path
                          d="M890.5 755.3L537.9 269.2c-12.8-17.6-39-17.6-51.7 0L133.5 755.3A8 8 0 00140 768h75c5.1 0 9.9-2.5 12.9-6.6L512 369.8l284.1 391.6c3 4.1 7.8 6.6 12.9 6.6h75c6.5 0 10.3-7.4 6.5-12.7z"
                        />
                      </svg>
                    </span>
                  </span>
                  <span
                    aria-disabled="false"
                    aria-label="Decrease Value"
                    class="ant-input-number-handler ant-input-number-handler-down"
                    role="button"
                    unselectable="on"
                  >
                    <span
                      aria-label="down"
                      class="anticon anticon-down ant-input-number-handler-down-inner"
                      role="img"
                    >
                      <svg
                        aria-hidden="true"
                        data-icon="down"
                        fill="currentColor"
                        focusable="false"
                        height="1em"
                        viewBox="64 64 896 896"
                        width="1em"
                      >
                        <path
                          d="M884 256h-75c-5.1 0-9.9 2.5-12.9 6.6L512 654.2 227.9 262.6c-3-4.1-7.8-6.6-12.9-6.6h-75c-6.5 0-10.3 7.4-6.5 12.7l352.6 486.1c12.8 17.6 39 17.6 51.7 0l352.6-486.1c3.9-5.3.1-12.7-6.4-12.7z"
                        />
                      </svg>
                    </span>
                  </span>
                </div>
                <div
                  class="ant-input-number-input-wrap"
                >
                  <input
                    aria-describedby="test-id"
                    aria-valuenow="44.33"
                    autocomplete="off"
                    class="ant-input-number-input"
                    id="amount"
                    placeholder="ËØ∑ËæìÂÖ•"
                    role="spinbutton"
                    step="1"
                    value="¬• 44.33"
                  />
                </div>
              </div>
            </div>
          </div>
        </div>
      </div>
    </div>
    <div
      style="display: flex; gap: 8px; align-items: center;"
    >
      <button
        class="ant-btn ant-btn-default ant-btn-color-default ant-btn-variant-outlined"
        type="button"
      >
        <span>
          Èáç ÁΩÆ
        </span>
      </button>
      <button
        class="ant-btn ant-btn-primary ant-btn-color-primary ant-btn-variant-solid"
        type="button"
      >
        <span>
          Êèê ‰∫§
        </span>
      </button>
    </div>
  </form>
</div>
`;

exports[`üíµ ProFormMoney > üíµ can input negative 1`] = `
<div>
  <form
    autocomplete="off"
    class="ant-form ant-form-vertical ant-pro-form"
  >
    <input
      style="display: none;"
      type="text"
    />
    <div
      class="ant-form-item ant-form-item-has-success ant-form-item-vertical"
    >
      <div
        class="ant-row ant-form-item-row"
      >
        <div
          class="ant-col ant-form-item-control"
        >
          <div
            class="ant-form-item-control-input"
          >
            <div
              class="ant-form-item-control-input-content"
            >
              <div
                class="ant-input-number ant-input-number-in-form-item ant-input-number-outlined ant-input-number-status-success ant-input-number-focused"
                style="width: 100%;"
              >
                <div
                  class="ant-input-number-handler-wrap"
                >
                  <span
                    aria-disabled="false"
                    aria-label="Increase Value"
                    class="ant-input-number-handler ant-input-number-handler-up"
                    role="button"
                    unselectable="on"
                  >
                    <span
                      aria-label="up"
                      class="anticon anticon-up ant-input-number-handler-up-inner"
                      role="img"
                    >
                      <svg
                        aria-hidden="true"
                        data-icon="up"
                        fill="currentColor"
                        focusable="false"
                        height="1em"
                        viewBox="64 64 896 896"
                        width="1em"
                      >
                        <path
                          d="M890.5 755.3L537.9 269.2c-12.8-17.6-39-17.6-51.7 0L133.5 755.3A8 8 0 00140 768h75c5.1 0 9.9-2.5 12.9-6.6L512 369.8l284.1 391.6c3 4.1 7.8 6.6 12.9 6.6h75c6.5 0 10.3-7.4 6.5-12.7z"
                        />
                      </svg>
                    </span>
                  </span>
                  <span
                    aria-disabled="false"
                    aria-label="Decrease Value"
                    class="ant-input-number-handler ant-input-number-handler-down"
                    role="button"
                    unselectable="on"
                  >
                    <span
                      aria-label="down"
                      class="anticon anticon-down ant-input-number-handler-down-inner"
                      role="img"
                    >
                      <svg
                        aria-hidden="true"
                        data-icon="down"
                        fill="currentColor"
                        focusable="false"
                        height="1em"
                        viewBox="64 64 896 896"
                        width="1em"
                      >
                        <path
                          d="M884 256h-75c-5.1 0-9.9 2.5-12.9 6.6L512 654.2 227.9 262.6c-3-4.1-7.8-6.6-12.9-6.6h-75c-6.5 0-10.3 7.4-6.5 12.7l352.6 486.1c12.8 17.6 39 17.6 51.7 0l352.6-486.1c3.9-5.3.1-12.7-6.4-12.7z"
                        />
                      </svg>
                    </span>
                  </span>
                </div>
                <div
                  class="ant-input-number-input-wrap"
                >
                  <input
                    aria-describedby="test-id"
                    aria-valuenow="-55.33"
                    autocomplete="off"
                    class="ant-input-number-input"
                    id="amount"
                    placeholder="ËØ∑ËæìÂÖ•"
                    role="spinbutton"
                    step="1"
                    value="¬• -55.33"
                  />
                </div>
              </div>
            </div>
          </div>
        </div>
      </div>
    </div>
    <div
      style="display: flex; gap: 8px; align-items: center;"
    >
      <button
        class="ant-btn ant-btn-default ant-btn-color-default ant-btn-variant-outlined"
        type="button"
      >
        <span>
          Èáç ÁΩÆ
        </span>
      </button>
      <button
        class="ant-btn ant-btn-primary ant-btn-color-primary ant-btn-variant-solid"
        type="button"
      >
        <span>
          Êèê ‰∫§
        </span>
      </button>
    </div>
  </form>
</div>
`;

exports[`üíµ ProFormMoney > üíµ can not input negative 1`] = `
<div>
  <form
    autocomplete="off"
    class="ant-form ant-form-vertical ant-pro-form"
  >
    <input
      style="display: none;"
      type="text"
    />
    <div
      class="ant-form-item ant-form-item-vertical"
    >
      <div
        class="ant-row ant-form-item-row"
      >
        <div
          class="ant-col ant-form-item-control"
        >
          <div
            class="ant-form-item-control-input"
          >
            <div
              class="ant-form-item-control-input-content"
            >
              <div
                class="ant-input-number ant-input-number-in-form-item ant-input-number-outlined ant-input-number-focused"
                style="width: 100%;"
              >
                <div
                  class="ant-input-number-handler-wrap"
                >
                  <span
                    aria-disabled="false"
                    aria-label="Increase Value"
                    class="ant-input-number-handler ant-input-number-handler-up"
                    role="button"
                    unselectable="on"
                  >
                    <span
                      aria-label="up"
                      class="anticon anticon-up ant-input-number-handler-up-inner"
                      role="img"
                    >
                      <svg
                        aria-hidden="true"
                        data-icon="up"
                        fill="currentColor"
                        focusable="false"
                        height="1em"
                        viewBox="64 64 896 896"
                        width="1em"
                      >
                        <path
                          d="M890.5 755.3L537.9 269.2c-12.8-17.6-39-17.6-51.7 0L133.5 755.3A8 8 0 00140 768h75c5.1 0 9.9-2.5 12.9-6.6L512 369.8l284.1 391.6c3 4.1 7.8 6.6 12.9 6.6h75c6.5 0 10.3-7.4 6.5-12.7z"
                        />
                      </svg>
                    </span>
                  </span>
                  <span
                    aria-disabled="false"
                    aria-label="Decrease Value"
                    class="ant-input-number-handler ant-input-number-handler-down"
                    role="button"
                    unselectable="on"
                  >
                    <span
                      aria-label="down"
                      class="anticon anticon-down ant-input-number-handler-down-inner"
                      role="img"
                    >
                      <svg
                        aria-hidden="true"
                        data-icon="down"
                        fill="currentColor"
                        focusable="false"
                        height="1em"
                        viewBox="64 64 896 896"
                        width="1em"
                      >
                        <path
                          d="M884 256h-75c-5.1 0-9.9 2.5-12.9 6.6L512 654.2 227.9 262.6c-3-4.1-7.8-6.6-12.9-6.6h-75c-6.5 0-10.3 7.4-6.5 12.7l352.6 486.1c12.8 17.6 39 17.6 51.7 0l352.6-486.1c3.9-5.3.1-12.7-6.4-12.7z"
                        />
                      </svg>
                    </span>
                  </span>
                </div>
                <div
                  class="ant-input-number-input-wrap"
                >
                  <input
                    aria-describedby="test-id"
                    aria-valuemin="0"
                    autocomplete="off"
                    class="ant-input-number-input"
                    id="amount"
                    placeholder="ËØ∑ËæìÂÖ•"
                    role="spinbutton"
                    step="1"
                    value="-55.33"
                  />
                </div>
              </div>
            </div>
          </div>
        </div>
      </div>
    </div>
    <div
      style="display: flex; gap: 8px; align-items: center;"
    >
      <button
        class="ant-btn ant-btn-default ant-btn-color-default ant-btn-variant-outlined"
        type="button"
      >
        <span>
          Èáç ÁΩÆ
        </span>
      </button>
      <button
        class="ant-btn ant-btn-primary ant-btn-color-primary ant-btn-variant-solid"
        type="button"
      >
        <span>
          Êèê ‰∫§
        </span>
      </button>
    </div>
  </form>
</div>
`;

exports[`üíµ ProFormMoney > üíµ moneySymbol with custom locale 1`] = `
<div>
  <form
    autocomplete="off"
    class="ant-form ant-form-vertical ant-pro-form"
  >
    <input
      style="display: none;"
      type="text"
    />
    <div
      class="ant-form-item ant-form-item-vertical"
    >
      <div
        class="ant-row ant-form-item-row"
      >
        <div
          class="ant-col ant-form-item-control"
        >
          <div
            class="ant-form-item-control-input"
          >
            <div
              class="ant-form-item-control-input-content"
            >
              <div
                class="ant-input-number ant-input-number-in-form-item ant-input-number-outlined ant-input-number-focused"
                style="width: 100%;"
              >
                <div
                  class="ant-input-number-handler-wrap"
                >
                  <span
                    aria-disabled="false"
                    aria-label="Increase Value"
                    class="ant-input-number-handler ant-input-number-handler-up"
                    role="button"
                    unselectable="on"
                  >
                    <span
                      aria-label="up"
                      class="anticon anticon-up ant-input-number-handler-up-inner"
                      role="img"
                    >
                      <svg
                        aria-hidden="true"
                        data-icon="up"
                        fill="currentColor"
                        focusable="false"
                        height="1em"
                        viewBox="64 64 896 896"
                        width="1em"
                      >
                        <path
                          d="M890.5 755.3L537.9 269.2c-12.8-17.6-39-17.6-51.7 0L133.5 755.3A8 8 0 00140 768h75c5.1 0 9.9-2.5 12.9-6.6L512 369.8l284.1 391.6c3 4.1 7.8 6.6 12.9 6.6h75c6.5 0 10.3-7.4 6.5-12.7z"
                        />
                      </svg>
                    </span>
                  </span>
                  <span
                    aria-disabled="false"
                    aria-label="Decrease Value"
                    class="ant-input-number-handler ant-input-number-handler-down"
                    role="button"
                    unselectable="on"
                  >
                    <span
                      aria-label="down"
                      class="anticon anticon-down ant-input-number-handler-down-inner"
                      role="img"
                    >
                      <svg
                        aria-hidden="true"
                        data-icon="down"
                        fill="currentColor"
                        focusable="false"
                        height="1em"
                        viewBox="64 64 896 896"
                        width="1em"
                      >
                        <path
                          d="M884 256h-75c-5.1 0-9.9 2.5-12.9 6.6L512 654.2 227.9 262.6c-3-4.1-7.8-6.6-12.9-6.6h-75c-6.5 0-10.3 7.4-6.5 12.7l352.6 486.1c12.8 17.6 39 17.6 51.7 0l352.6-486.1c3.9-5.3.1-12.7-6.4-12.7z"
                        />
                      </svg>
                    </span>
                  </span>
                </div>
                <div
                  class="ant-input-number-input-wrap"
                >
                  <input
                    aria-describedby="test-id"
                    aria-valuenow="44.33"
                    autocomplete="off"
                    class="ant-input-number-input"
                    id="amount"
                    placeholder="Please enter"
                    role="spinbutton"
                    step="1"
                    value="$ 44.33"
                  />
                </div>
              </div>
            </div>
          </div>
        </div>
      </div>
    </div>
    <div
      style="display: flex; gap: 8px; align-items: center;"
    >
      <button
        class="ant-btn ant-btn-default ant-btn-color-default ant-btn-variant-outlined"
        type="button"
      >
        <span>
          Èáç ÁΩÆ
        </span>
      </button>
      <button
        class="ant-btn ant-btn-primary ant-btn-color-primary ant-btn-variant-solid"
        type="button"
      >
        <span>
          Êèê ‰∫§
        </span>
      </button>
    </div>
  </form>
</div>
`;

exports[`üíµ ProFormMoney > üíµ moneySymbol with custom symbol 1`] = `
<div>
  <form
    autocomplete="off"
    class="ant-form ant-form-vertical ant-pro-form"
  >
    <input
      style="display: none;"
      type="text"
    />
    <div
      class="ant-form-item ant-form-item-vertical"
    >
      <div
        class="ant-row ant-form-item-row"
      >
        <div
          class="ant-col ant-form-item-control"
        >
          <div
            class="ant-form-item-control-input"
          >
            <div
              class="ant-form-item-control-input-content"
            >
              <div
                class="ant-input-number ant-input-number-in-form-item ant-input-number-outlined ant-input-number-focused"
                style="width: 100%;"
              >
                <div
                  class="ant-input-number-handler-wrap"
                >
                  <span
                    aria-disabled="false"
                    aria-label="Increase Value"
                    class="ant-input-number-handler ant-input-number-handler-up"
                    role="button"
                    unselectable="on"
                  >
                    <span
                      aria-label="up"
                      class="anticon anticon-up ant-input-number-handler-up-inner"
                      role="img"
                    >
                      <svg
                        aria-hidden="true"
                        data-icon="up"
                        fill="currentColor"
                        focusable="false"
                        height="1em"
                        viewBox="64 64 896 896"
                        width="1em"
                      >
                        <path
                          d="M890.5 755.3L537.9 269.2c-12.8-17.6-39-17.6-51.7 0L133.5 755.3A8 8 0 00140 768h75c5.1 0 9.9-2.5 12.9-6.6L512 369.8l284.1 391.6c3 4.1 7.8 6.6 12.9 6.6h75c6.5 0 10.3-7.4 6.5-12.7z"
                        />
                      </svg>
                    </span>
                  </span>
                  <span
                    aria-disabled="false"
                    aria-label="Decrease Value"
                    class="ant-input-number-handler ant-input-number-handler-down"
                    role="button"
                    unselectable="on"
                  >
                    <span
                      aria-label="down"
                      class="anticon anticon-down ant-input-number-handler-down-inner"
                      role="img"
                    >
                      <svg
                        aria-hidden="true"
                        data-icon="down"
                        fill="currentColor"
                        focusable="false"
                        height="1em"
                        viewBox="64 64 896 896"
                        width="1em"
                      >
                        <path
                          d="M884 256h-75c-5.1 0-9.9 2.5-12.9 6.6L512 654.2 227.9 262.6c-3-4.1-7.8-6.6-12.9-6.6h-75c-6.5 0-10.3 7.4-6.5 12.7l352.6 486.1c12.8 17.6 39 17.6 51.7 0l352.6-486.1c3.9-5.3.1-12.7-6.4-12.7z"
                        />
                      </svg>
                    </span>
                  </span>
                </div>
                <div
                  class="ant-input-number-input-wrap"
                >
                  <input
                    aria-describedby="test-id"
                    aria-valuenow="44.33"
                    autocomplete="off"
                    class="ant-input-number-input"
                    id="amount"
                    placeholder="ËØ∑ËæìÂÖ•"
                    role="spinbutton"
                    step="1"
                    value="üí∞ 44.33"
                  />
                </div>
              </div>
            </div>
          </div>
        </div>
      </div>
    </div>
    <div
      style="display: flex; gap: 8px; align-items: center;"
    >
      <button
        class="ant-btn ant-btn-default ant-btn-color-default ant-btn-variant-outlined"
        type="button"
      >
        <span>
          Èáç ÁΩÆ
        </span>
      </button>
      <button
        class="ant-btn ant-btn-primary ant-btn-color-primary ant-btn-variant-solid"
        type="button"
      >
        <span>
          Êèê ‰∫§
        </span>
      </button>
    </div>
  </form>
</div>
`;

exports[`üíµ ProFormMoney > üíµ moneySymbol with global locale 1`] = `
<div>
  <form
    autocomplete="off"
    class="ant-form ant-form-vertical ant-pro-form"
  >
    <input
      style="display: none;"
      type="text"
    />
    <div
      class="ant-form-item ant-form-item-vertical"
    >
      <div
        class="ant-row ant-form-item-row"
      >
        <div
          class="ant-col ant-form-item-control"
        >
          <div
            class="ant-form-item-control-input"
          >
            <div
              class="ant-form-item-control-input-content"
            >
              <div
                class="ant-input-number ant-input-number-in-form-item ant-input-number-outlined ant-input-number-focused"
                style="width: 100%;"
              >
                <div
                  class="ant-input-number-handler-wrap"
                >
                  <span
                    aria-disabled="false"
                    aria-label="Increase Value"
                    class="ant-input-number-handler ant-input-number-handler-up"
                    role="button"
                    unselectable="on"
                  >
                    <span
                      aria-label="up"
                      class="anticon anticon-up ant-input-number-handler-up-inner"
                      role="img"
                    >
                      <svg
                        aria-hidden="true"
                        data-icon="up"
                        fill="currentColor"
                        focusable="false"
                        height="1em"
                        viewBox="64 64 896 896"
                        width="1em"
                      >
                        <path
                          d="M890.5 755.3L537.9 269.2c-12.8-17.6-39-17.6-51.7 0L133.5 755.3A8 8 0 00140 768h75c5.1 0 9.9-2.5 12.9-6.6L512 369.8l284.1 391.6c3 4.1 7.8 6.6 12.9 6.6h75c6.5 0 10.3-7.4 6.5-12.7z"
                        />
                      </svg>
                    </span>
                  </span>
                  <span
                    aria-disabled="false"
                    aria-label="Decrease Value"
                    class="ant-input-number-handler ant-input-number-handler-down"
                    role="button"
                    unselectable="on"
                  >
                    <span
                      aria-label="down"
                      class="anticon anticon-down ant-input-number-handler-down-inner"
                      role="img"
                    >
                      <svg
                        aria-hidden="true"
                        data-icon="down"
                        fill="currentColor"
                        focusable="false"
                        height="1em"
                        viewBox="64 64 896 896"
                        width="1em"
                      >
                        <path
                          d="M884 256h-75c-5.1 0-9.9 2.5-12.9 6.6L512 654.2 227.9 262.6c-3-4.1-7.8-6.6-12.9-6.6h-75c-6.5 0-10.3 7.4-6.5 12.7l352.6 486.1c12.8 17.6 39 17.6 51.7 0l352.6-486.1c3.9-5.3.1-12.7-6.4-12.7z"
                        />
                      </svg>
                    </span>
                  </span>
                </div>
                <div
                  class="ant-input-number-input-wrap"
                >
                  <input
                    aria-describedby="test-id"
                    aria-valuenow="44.33"
                    autocomplete="off"
                    class="ant-input-number-input"
                    id="amount"
                    placeholder="Please enter"
                    role="spinbutton"
                    step="1"
                    value="¬£ 44.33"
                  />
                </div>
              </div>
            </div>
          </div>
        </div>
      </div>
    </div>
    <div
      style="display: flex; gap: 8px; align-items: center;"
    >
      <button
        class="ant-btn ant-btn-default ant-btn-color-default ant-btn-variant-outlined"
        type="button"
      >
        <span>
          Reset
        </span>
      </button>
      <button
        class="ant-btn ant-btn-primary ant-btn-color-primary ant-btn-variant-solid"
        type="button"
      >
        <span>
          Submit
        </span>
      </button>
    </div>
  </form>
</div>
`;

exports[`üíµ ProFormMoney > üíµ update money precision when init 1`] = `
<div>
  <form
    autocomplete="off"
    class="ant-form ant-form-vertical ant-pro-form"
  >
    <input
      style="display: none;"
      type="text"
    />
    <div
      class="ant-form-item ant-form-item-vertical"
    >
      <div
        class="ant-row ant-form-item-row"
      >
        <div
          class="ant-col ant-form-item-control"
        >
          <div
            class="ant-form-item-control-input"
          >
            <div
              class="ant-form-item-control-input-content"
            >
              <div
                class="ant-input-number ant-input-number-in-form-item ant-input-number-outlined ant-input-number-focused"
                style="width: 100%;"
              >
                <div
                  class="ant-input-number-handler-wrap"
                >
                  <span
                    aria-disabled="false"
                    aria-label="Increase Value"
                    class="ant-input-number-handler ant-input-number-handler-up"
                    role="button"
                    unselectable="on"
                  >
                    <span
                      aria-label="up"
                      class="anticon anticon-up ant-input-number-handler-up-inner"
                      role="img"
                    >
                      <svg
                        aria-hidden="true"
                        data-icon="up"
                        fill="currentColor"
                        focusable="false"
                        height="1em"
                        viewBox="64 64 896 896"
                        width="1em"
                      >
                        <path
                          d="M890.5 755.3L537.9 269.2c-12.8-17.6-39-17.6-51.7 0L133.5 755.3A8 8 0 00140 768h75c5.1 0 9.9-2.5 12.9-6.6L512 369.8l284.1 391.6c3 4.1 7.8 6.6 12.9 6.6h75c6.5 0 10.3-7.4 6.5-12.7z"
                        />
                      </svg>
                    </span>
                  </span>
                  <span
                    aria-disabled="false"
                    aria-label="Decrease Value"
                    class="ant-input-number-handler ant-input-number-handler-down"
                    role="button"
                    unselectable="on"
                  >
                    <span
                      aria-label="down"
                      class="anticon anticon-down ant-input-number-handler-down-inner"
                      role="img"
                    >
                      <svg
                        aria-hidden="true"
                        data-icon="down"
                        fill="currentColor"
                        focusable="false"
                        height="1em"
                        viewBox="64 64 896 896"
                        width="1em"
                      >
                        <path
                          d="M884 256h-75c-5.1 0-9.9 2.5-12.9 6.6L512 654.2 227.9 262.6c-3-4.1-7.8-6.6-12.9-6.6h-75c-6.5 0-10.3 7.4-6.5 12.7l352.6 486.1c12.8 17.6 39 17.6 51.7 0l352.6-486.1c3.9-5.3.1-12.7-6.4-12.7z"
                        />
                      </svg>
                    </span>
                  </span>
                </div>
                <div
                  class="ant-input-number-input-wrap"
                >
                  <input
                    aria-describedby="test-id"
                    aria-valuenow="444444444.3333333"
                    autocomplete="off"
                    class="ant-input-number-input"
                    id="amount"
                    placeholder="ËØ∑ËæìÂÖ•"
                    role="spinbutton"
                    step="1"
                    value="üí∞ 444,444,444.33"
                  />
                </div>
              </div>
            </div>
          </div>
        </div>
      </div>
    </div>
    <div
      style="display: flex; gap: 8px; align-items: center;"
    >
      <button
        class="ant-btn ant-btn-default ant-btn-color-default ant-btn-variant-outlined"
        type="button"
      >
        <span>
          Èáç ÁΩÆ
        </span>
      </button>
      <button
        class="ant-btn ant-btn-primary ant-btn-color-primary ant-btn-variant-solid"
        type="button"
      >
        <span>
          Êèê ‰∫§
        </span>
      </button>
    </div>
  </form>
</div>
`;
