// Vitest Snapshot v1, https://vitest.dev/guide/snapshot.html

exports[`SchemaForm > üòä SchemaForm support columns 1`] = `
<div>
  <form
    autocomplete="off"
    class="ant-form ant-form-vertical ant-pro-form"
  >
    <input
      style="display: none;"
      type="text"
    />
    <div
      class="ant-form-item"
    >
      <div
        class="ant-row ant-form-item-row"
      >
        <div
          class="ant-col ant-form-item-label"
        >
          <label
            class=""
            for="title"
            title="Ê†áÈ¢ò"
          >
            Ê†áÈ¢ò
          </label>
        </div>
        <div
          class="ant-col ant-form-item-control"
        >
          <div
            class="ant-form-item-control-input"
          >
            <div
              class="ant-form-item-control-input-content"
            >
              <span
                class="ant-input-affix-wrapper ant-input-affix-wrapper-focused ant-input-outlined"
                style="width: 200px;"
              >
                <input
                  class="ant-input"
                  id="title"
                  placeholder="ËØ∑ËæìÂÖ•"
                  type="text"
                  value=""
                />
                <span
                  class="ant-input-suffix"
                >
                  <span
                    class="ant-input-clear-icon ant-input-clear-icon-hidden"
                    role="button"
                    tabindex="-1"
                  >
                    <span
                      aria-label="close-circle"
                      class="anticon anticon-close-circle"
                      role="img"
                    >
                      <svg
                        aria-hidden="true"
                        data-icon="close-circle"
                        fill="currentColor"
                        fill-rule="evenodd"
                        focusable="false"
                        height="1em"
                        viewBox="64 64 896 896"
                        width="1em"
                      >
                        <path
                          d="M512 64c247.4 0 448 200.6 448 448S759.4 960 512 960 64 759.4 64 512 264.6 64 512 64zm127.98 274.82h-.04l-.08.06L512 466.75 384.14 338.88c-.04-.05-.06-.06-.08-.06a.12.12 0 00-.07 0c-.03 0-.05.01-.09.05l-45.02 45.02a.2.2 0 00-.05.09.12.12 0 000 .07v.02a.27.27 0 00.06.06L466.75 512 338.88 639.86c-.05.04-.06.06-.06.08a.12.12 0 000 .07c0 .03.01.05.05.09l45.02 45.02a.2.2 0 00.09.05.12.12 0 00.07 0c.02 0 .04-.01.08-.05L512 557.25l127.86 127.87c.04.04.06.05.08.05a.12.12 0 00.07 0c.03 0 .05-.01.09-.05l45.02-45.02a.2.2 0 00.05-.09.12.12 0 000-.07v-.02a.27.27 0 00-.05-.06L557.25 512l127.87-127.86c.04-.04.05-.06.05-.08a.12.12 0 000-.07c0-.03-.01-.05-.05-.09l-45.02-45.02a.2.2 0 00-.09-.05.12.12 0 00-.07 0z"
                        />
                      </svg>
                    </span>
                  </span>
                </span>
              </span>
            </div>
          </div>
        </div>
      </div>
    </div>
    <div
      class="ant-form-item"
    >
      <div
        class="ant-row ant-form-item-row"
      >
        <div
          class="ant-col ant-form-item-label"
        >
          <label
            class=""
            for="state"
            title="ÂàóË°®Áä∂ÊÄÅ"
          >
            ÂàóË°®Áä∂ÊÄÅ
          </label>
        </div>
        <div
          class="ant-col ant-form-item-control"
        >
          <div
            class="ant-form-item-control-input"
          >
            <div
              class="ant-form-item-control-input-content"
            >
              <div
                class="ant-select ant-select-outlined ant-select-in-form-item ant-pro-filed-search-select ant-select-single ant-select-allow-clear ant-select-show-arrow"
                style="min-width: 100px;"
              >
                <div
                  class="ant-select-selector"
                >
                  <span
                    class="ant-select-selection-wrap"
                  >
                    <span
                      class="ant-select-selection-search"
                    >
                      <input
                        aria-autocomplete="list"
                        aria-controls="state_list"
                        aria-expanded="false"
                        aria-haspopup="listbox"
                        aria-owns="state_list"
                        autocomplete="off"
                        class="ant-select-selection-search-input"
                        id="state"
                        readonly=""
                        role="combobox"
                        style="opacity: 0;"
                        type="search"
                        unselectable="on"
                        value=""
                      />
                    </span>
                    <span
                      class="ant-select-selection-item"
                      title="ÂÖ®ÈÉ®"
                    >
                      ÂÖ®ÈÉ®
                    </span>
                  </span>
                </div>
                <span
                  aria-hidden="true"
                  class="ant-select-arrow"
                  style="user-select: none;"
                  unselectable="on"
                >
                  <span
                    aria-label="down"
                    class="anticon anticon-down ant-select-suffix"
                    role="img"
                  >
                    <svg
                      aria-hidden="true"
                      data-icon="down"
                      fill="currentColor"
                      focusable="false"
                      height="1em"
                      viewBox="64 64 896 896"
                      width="1em"
                    >
                      <path
                        d="M884 256h-75c-5.1 0-9.9 2.5-12.9 6.6L512 654.2 227.9 262.6c-3-4.1-7.8-6.6-12.9-6.6h-75c-6.5 0-10.3 7.4-6.5 12.7l352.6 486.1c12.8 17.6 39 17.6 51.7 0l352.6-486.1c3.9-5.3.1-12.7-6.4-12.7z"
                      />
                    </svg>
                  </span>
                </span>
                <span
                  aria-hidden="true"
                  class="ant-select-clear"
                  style="user-select: none;"
                  unselectable="on"
                >
                  <span
                    aria-label="close-circle"
                    class="anticon anticon-close-circle"
                    role="img"
                  >
                    <svg
                      aria-hidden="true"
                      data-icon="close-circle"
                      fill="currentColor"
                      fill-rule="evenodd"
                      focusable="false"
                      height="1em"
                      viewBox="64 64 896 896"
                      width="1em"
                    >
                      <path
                        d="M512 64c247.4 0 448 200.6 448 448S759.4 960 512 960 64 759.4 64 512 264.6 64 512 64zm127.98 274.82h-.04l-.08.06L512 466.75 384.14 338.88c-.04-.05-.06-.06-.08-.06a.12.12 0 00-.07 0c-.03 0-.05.01-.09.05l-45.02 45.02a.2.2 0 00-.05.09.12.12 0 000 .07v.02a.27.27 0 00.06.06L466.75 512 338.88 639.86c-.05.04-.06.06-.06.08a.12.12 0 000 .07c0 .03.01.05.05.09l45.02 45.02a.2.2 0 00.09.05.12.12 0 00.07 0c.02 0 .04-.01.08-.05L512 557.25l127.86 127.87c.04.04.06.05.08.05a.12.12 0 00.07 0c.03 0 .05-.01.09-.05l45.02-45.02a.2.2 0 00.05-.09.12.12 0 000-.07v-.02a.27.27 0 00-.05-.06L557.25 512l127.87-127.86c.04-.04.05-.06.05-.08a.12.12 0 000-.07c0-.03-.01-.05-.05-.09l-45.02-45.02a.2.2 0 00-.09-.05.12.12 0 00-.07 0z"
                      />
                    </svg>
                  </span>
                </span>
              </div>
            </div>
          </div>
        </div>
      </div>
    </div>
    <div
      class="ant-form-item"
    >
      <div
        class="ant-row ant-form-item-row"
      >
        <div
          class="ant-col ant-form-item-label"
        >
          <label
            class=""
            for="direction"
            title="ÊéíÂ∫èÊñπÂºè"
          >
            ÊéíÂ∫èÊñπÂºè
          </label>
        </div>
        <div
          class="ant-col ant-form-item-control"
        >
          <div
            class="ant-form-item-control-input"
          >
            <div
              class="ant-form-item-control-input-content"
            >
              <div
                class="ant-select ant-select-outlined ant-select-in-form-item ant-pro-filed-search-select ant-select-single ant-select-allow-clear ant-select-show-arrow"
                style="min-width: 100px;"
              >
                <div
                  class="ant-select-selector"
                >
                  <span
                    class="ant-select-selection-wrap"
                  >
                    <span
                      class="ant-select-selection-search"
                    >
                      <input
                        aria-autocomplete="list"
                        aria-controls="direction_list"
                        aria-expanded="false"
                        aria-haspopup="listbox"
                        aria-owns="direction_list"
                        autocomplete="off"
                        class="ant-select-selection-search-input"
                        id="direction"
                        readonly=""
                        role="combobox"
                        style="opacity: 0;"
                        type="search"
                        unselectable="on"
                        value=""
                      />
                    </span>
                    <span
                      class="ant-select-selection-placeholder"
                    >
                      ËØ∑ÈÄâÊã©
                    </span>
                  </span>
                </div>
                <span
                  aria-hidden="true"
                  class="ant-select-arrow"
                  style="user-select: none;"
                  unselectable="on"
                >
                  <span
                    aria-label="down"
                    class="anticon anticon-down ant-select-suffix"
                    role="img"
                  >
                    <svg
                      aria-hidden="true"
                      data-icon="down"
                      fill="currentColor"
                      focusable="false"
                      height="1em"
                      viewBox="64 64 896 896"
                      width="1em"
                    >
                      <path
                        d="M884 256h-75c-5.1 0-9.9 2.5-12.9 6.6L512 654.2 227.9 262.6c-3-4.1-7.8-6.6-12.9-6.6h-75c-6.5 0-10.3 7.4-6.5 12.7l352.6 486.1c12.8 17.6 39 17.6 51.7 0l352.6-486.1c3.9-5.3.1-12.7-6.4-12.7z"
                      />
                    </svg>
                  </span>
                </span>
              </div>
            </div>
          </div>
        </div>
      </div>
    </div>
    <div
      class="ant-form-item"
    >
      <div
        class="ant-row ant-form-item-row"
      >
        <div
          class="ant-col ant-form-item-label"
        >
          <label
            class=""
            for="since"
            title="ÂàõÂª∫Êó∂Èó¥"
          >
            ÂàõÂª∫Êó∂Èó¥
          </label>
        </div>
        <div
          class="ant-col ant-form-item-control"
        >
          <div
            class="ant-form-item-control-input"
          >
            <div
              class="ant-form-item-control-input-content"
            >
              <div
                class="ant-picker ant-picker-outlined"
              >
                <div
                  class="ant-picker-input"
                >
                  <input
                    aria-invalid="false"
                    autocomplete="off"
                    id="since"
                    placeholder="ËØ∑ÈÄâÊã©"
                    size="21"
                    value=""
                  />
                  <span
                    class="ant-picker-suffix"
                  >
                    <span
                      aria-label="calendar"
                      class="anticon anticon-calendar"
                      role="img"
                    >
                      <svg
                        aria-hidden="true"
                        data-icon="calendar"
                        fill="currentColor"
                        focusable="false"
                        height="1em"
                        viewBox="64 64 896 896"
                        width="1em"
                      >
                        <path
                          d="M880 184H712v-64c0-4.4-3.6-8-8-8h-56c-4.4 0-8 3.6-8 8v64H384v-64c0-4.4-3.6-8-8-8h-56c-4.4 0-8 3.6-8 8v64H144c-17.7 0-32 14.3-32 32v664c0 17.7 14.3 32 32 32h736c17.7 0 32-14.3 32-32V216c0-17.7-14.3-32-32-32zm-40 656H184V460h656v380zM184 392V256h128v48c0 4.4 3.6 8 8 8h56c4.4 0 8-3.6 8-8v-48h256v48c0 4.4 3.6 8 8 8h56c4.4 0 8-3.6 8-8v-48h128v136H184z"
                        />
                      </svg>
                    </span>
                  </span>
                </div>
              </div>
            </div>
          </div>
        </div>
      </div>
    </div>
    <div
      style="display: flex; gap: 8px; align-items: center;"
    >
      <button
        class="ant-btn ant-btn-default ant-btn-color-default ant-btn-variant-outlined"
        type="button"
      >
        <span>
          Èáç ÁΩÆ
        </span>
      </button>
      <button
        class="ant-btn ant-btn-primary ant-btn-color-primary ant-btn-variant-solid"
        type="button"
      >
        <span>
          Êèê ‰∫§
        </span>
      </button>
    </div>
  </form>
</div>
`;
