// Vitest Snapshot v1, https://vitest.dev/guide/snapshot.html

exports[`utils > ðŸª“ LabelIconTip 1`] = `
<DocumentFragment>
  <div
    class="ant-pro-core-label-tip"
  >
    <div
      class="ant-pro-core-label-tip-title"
    >
      xxx
    </div>
    <div
      class="ant-pro-core-label-tip-subtitle"
    >
      xxx
    </div>
    <span
      aria-describedby="test-id"
      class="ant-pro-core-label-tip-icon"
    >
      <span
        aria-label="code"
        class="anticon anticon-code"
        role="img"
      >
        <svg
          aria-hidden="true"
          data-icon="code"
          fill="currentColor"
          focusable="false"
          height="1em"
          viewBox="64 64 896 896"
          width="1em"
        >
          <path
            d="M880 112H144c-17.7 0-32 14.3-32 32v736c0 17.7 14.3 32 32 32h736c17.7 0 32-14.3 32-32V144c0-17.7-14.3-32-32-32zM513.1 518.1l-192 161c-5.2 4.4-13.1.7-13.1-6.1v-62.7c0-2.3 1.1-4.6 2.9-6.1L420.7 512l-109.8-92.2a7.63 7.63 0 01-2.9-6.1V351c0-6.8 7.9-10.5 13.1-6.1l192 160.9c3.9 3.2 3.9 9.1 0 12.3zM716 673c0 4.4-3.4 8-7.5 8h-185c-4.1 0-7.5-3.6-7.5-8v-48c0-4.4 3.4-8 7.5-8h185c4.1 0 7.5 3.6 7.5 8v48z"
          />
        </svg>
      </span>
    </span>
  </div>
</DocumentFragment>
`;
