// Vitest Snapshot v1, https://vitest.dev/guide/snapshot.html

exports[`Descriptions > üìù columns support editable test 1`] = `
<DocumentFragment>
  <div
    class="ant-descriptions ant-pro-descriptions"
  >
    <div
      class="ant-descriptions-view"
    >
      <table>
        <tbody>
          <tr
            class="ant-descriptions-row"
          >
            <td
              class="ant-descriptions-item"
              colspan="1"
            >
              <div
                class="ant-descriptions-item-container"
              >
                <span
                  class="ant-descriptions-item-content"
                  style="min-width: 0;"
                >
                  <div
                    style="margin: -5px 0px;"
                  >
                    <div
                      style="display: flex; gap: 8px; align-items: baseline;"
                    >
                      <div
                        class="ant-form-item"
                        style="margin-block-start: -5px; margin-block-end: -5px; margin-inline-start: 0; margin-inline-end: 0; margin: 0px;"
                      >
                        <div
                          class="ant-row ant-form-item-row"
                        >
                          <div
                            class="ant-col ant-form-item-control"
                          >
                            <div
                              class="ant-form-item-control-input"
                            >
                              <div
                                class="ant-form-item-control-input-content"
                              >
                                <span
                                  class="ant-input-affix-wrapper ant-input-outlined"
                                >
                                  <input
                                    class="ant-input"
                                    placeholder="ËØ∑ËæìÂÖ•"
                                    type="text"
                                    value="üêõ [BUG]yarn installÂëΩ‰ª§ antd2.4.5‰ºöÊä•Èîô"
                                  />
                                  <span
                                    class="ant-input-suffix"
                                  >
                                    <span
                                      class="ant-input-clear-icon"
                                      role="button"
                                      tabindex="-1"
                                    >
                                      <span
                                        aria-label="close-circle"
                                        class="anticon anticon-close-circle"
                                        role="img"
                                      >
                                        <svg
                                          aria-hidden="true"
                                          data-icon="close-circle"
                                          fill="currentColor"
                                          fill-rule="evenodd"
                                          focusable="false"
                                          height="1em"
                                          viewBox="64 64 896 896"
                                          width="1em"
                                        >
                                          <path
                                            d="M512 64c247.4 0 448 200.6 448 448S759.4 960 512 960 64 759.4 64 512 264.6 64 512 64zm127.98 274.82h-.04l-.08.06L512 466.75 384.14 338.88c-.04-.05-.06-.06-.08-.06a.12.12 0 00-.07 0c-.03 0-.05.01-.09.05l-45.02 45.02a.2.2 0 00-.05.09.12.12 0 000 .07v.02a.27.27 0 00.06.06L466.75 512 338.88 639.86c-.05.04-.06.06-.06.08a.12.12 0 000 .07c0 .03.01.05.05.09l45.02 45.02a.2.2 0 00.09.05.12.12 0 00.07 0c.02 0 .04-.01.08-.05L512 557.25l127.86 127.87c.04.04.06.05.08.05a.12.12 0 00.07 0c.03 0 .05-.01.09-.05l45.02-45.02a.2.2 0 00.05-.09.12.12 0 000-.07v-.02a.27.27 0 00-.05-.06L557.25 512l127.87-127.86c.04-.04.05-.06.05-.08a.12.12 0 000-.07c0-.03-.01-.05-.05-.09l-45.02-45.02a.2.2 0 00-.09-.05.12.12 0 00-.07 0z"
                                          />
                                        </svg>
                                      </span>
                                    </span>
                                  </span>
                                </span>
                              </div>
                            </div>
                          </div>
                        </div>
                      </div>
                      <div
                        style="display: flex; max-height: 32px; align-items: center; gap: 8px;"
                      >
                        <a>
                          <span
                            aria-label="check"
                            class="anticon anticon-check"
                            role="img"
                          >
                            <svg
                              aria-hidden="true"
                              data-icon="check"
                              fill="currentColor"
                              focusable="false"
                              height="1em"
                              viewBox="64 64 896 896"
                              width="1em"
                            >
                              <path
                                d="M912 190h-69.9c-9.8 0-19.1 4.5-25.1 12.2L404.7 724.5 207 474a32 32 0 00-25.1-12.2H112c-6.7 0-10.4 7.7-6.3 12.9l273.9 347c12.8 16.2 37.4 16.2 50.3 0l488.4-618.9c4.1-5.1.4-12.8-6.3-12.8z"
                              />
                            </svg>
                          </span>
                        </a>
                        <a>
                          <span
                            aria-label="close"
                            class="anticon anticon-close"
                            role="img"
                          >
                            <svg
                              aria-hidden="true"
                              data-icon="close"
                              fill="currentColor"
                              fill-rule="evenodd"
                              focusable="false"
                              height="1em"
                              viewBox="64 64 896 896"
                              width="1em"
                            >
                              <path
                                d="M799.86 166.31c.02 0 .04.02.08.06l57.69 57.7c.04.03.05.05.06.08a.12.12 0 010 .06c0 .03-.02.05-.06.09L569.93 512l287.7 287.7c.04.04.05.06.06.09a.12.12 0 010 .07c0 .02-.02.04-.06.08l-57.7 57.69c-.03.04-.05.05-.07.06a.12.12 0 01-.07 0c-.03 0-.05-.02-.09-.06L512 569.93l-287.7 287.7c-.04.04-.06.05-.09.06a.12.12 0 01-.07 0c-.02 0-.04-.02-.08-.06l-57.69-57.7c-.04-.03-.05-.05-.06-.07a.12.12 0 010-.07c0-.03.02-.05.06-.09L454.07 512l-287.7-287.7c-.04-.04-.05-.06-.06-.09a.12.12 0 010-.07c0-.02.02-.04.06-.08l57.7-57.69c.03-.04.05-.05.07-.06a.12.12 0 01.07 0c.03 0 .05.02.09.06L512 454.07l287.7-287.7c.04-.04.06-.05.09-.06a.12.12 0 01.07 0z"
                              />
                            </svg>
                          </span>
                        </a>
                      </div>
                    </div>
                  </div>
                </span>
              </div>
            </td>
            <td
              class="ant-descriptions-item"
              colspan="2"
            >
              <div
                class="ant-descriptions-item-container"
              >
                <span
                  class="ant-descriptions-item-content"
                  style="min-width: 0;"
                >
                  -
                </span>
              </div>
            </td>
          </tr>
        </tbody>
      </table>
    </div>
  </div>
</DocumentFragment>
`;

exports[`Descriptions > üìù formItemRender run defaultRender 1`] = `
<DocumentFragment>
  <div
    class="ant-descriptions ant-pro-descriptions"
  >
    <div
      class="ant-descriptions-view"
    >
      <table>
        <tbody>
          <tr
            class="ant-descriptions-row"
          >
            <td
              class="ant-descriptions-item"
              colspan="3"
            >
              <div
                class="ant-descriptions-item-container"
              >
                <span
                  class="ant-descriptions-item-content"
                  style="min-width: 0;"
                >
                  <div
                    style="margin: -5px 0px;"
                  >
                    <div
                      style="display: flex; gap: 8px; align-items: baseline;"
                    >
                      <div
                        class="ant-form-item"
                        style="margin-block-start: -5px; margin-block-end: -5px; margin-inline-start: 0; margin-inline-end: 0; margin: 0px;"
                      >
                        <div
                          class="ant-row ant-form-item-row"
                        >
                          <div
                            class="ant-col ant-form-item-control"
                          >
                            <div
                              class="ant-form-item-control-input"
                            >
                              <div
                                class="ant-form-item-control-input-content"
                              >
                                <span
                                  class="ant-input-affix-wrapper ant-input-outlined"
                                >
                                  <input
                                    class="ant-input"
                                    placeholder="ËØ∑ËæìÂÖ•"
                                    type="text"
                                    value="üêõ [BUG]yarn installÂëΩ‰ª§ antd2.4.5‰ºöÊä•Èîô"
                                  />
                                  <span
                                    class="ant-input-suffix"
                                  >
                                    <span
                                      class="ant-input-clear-icon"
                                      role="button"
                                      tabindex="-1"
                                    >
                                      <span
                                        aria-label="close-circle"
                                        class="anticon anticon-close-circle"
                                        role="img"
                                      >
                                        <svg
                                          aria-hidden="true"
                                          data-icon="close-circle"
                                          fill="currentColor"
                                          fill-rule="evenodd"
                                          focusable="false"
                                          height="1em"
                                          viewBox="64 64 896 896"
                                          width="1em"
                                        >
                                          <path
                                            d="M512 64c247.4 0 448 200.6 448 448S759.4 960 512 960 64 759.4 64 512 264.6 64 512 64zm127.98 274.82h-.04l-.08.06L512 466.75 384.14 338.88c-.04-.05-.06-.06-.08-.06a.12.12 0 00-.07 0c-.03 0-.05.01-.09.05l-45.02 45.02a.2.2 0 00-.05.09.12.12 0 000 .07v.02a.27.27 0 00.06.06L466.75 512 338.88 639.86c-.05.04-.06.06-.06.08a.12.12 0 000 .07c0 .03.01.05.05.09l45.02 45.02a.2.2 0 00.09.05.12.12 0 00.07 0c.02 0 .04-.01.08-.05L512 557.25l127.86 127.87c.04.04.06.05.08.05a.12.12 0 00.07 0c.03 0 .05-.01.09-.05l45.02-45.02a.2.2 0 00.05-.09.12.12 0 000-.07v-.02a.27.27 0 00-.05-.06L557.25 512l127.87-127.86c.04-.04.05-.06.05-.08a.12.12 0 000-.07c0-.03-.01-.05-.05-.09l-45.02-45.02a.2.2 0 00-.09-.05.12.12 0 00-.07 0z"
                                          />
                                        </svg>
                                      </span>
                                    </span>
                                  </span>
                                </span>
                              </div>
                            </div>
                          </div>
                        </div>
                      </div>
                      <div
                        style="display: flex; max-height: 32px; align-items: center; gap: 8px;"
                      >
                        <a>
                          <span
                            aria-label="check"
                            class="anticon anticon-check"
                            role="img"
                          >
                            <svg
                              aria-hidden="true"
                              data-icon="check"
                              fill="currentColor"
                              focusable="false"
                              height="1em"
                              viewBox="64 64 896 896"
                              width="1em"
                            >
                              <path
                                d="M912 190h-69.9c-9.8 0-19.1 4.5-25.1 12.2L404.7 724.5 207 474a32 32 0 00-25.1-12.2H112c-6.7 0-10.4 7.7-6.3 12.9l273.9 347c12.8 16.2 37.4 16.2 50.3 0l488.4-618.9c4.1-5.1.4-12.8-6.3-12.8z"
                              />
                            </svg>
                          </span>
                        </a>
                        <a>
                          <span
                            aria-label="close"
                            class="anticon anticon-close"
                            role="img"
                          >
                            <svg
                              aria-hidden="true"
                              data-icon="close"
                              fill="currentColor"
                              fill-rule="evenodd"
                              focusable="false"
                              height="1em"
                              viewBox="64 64 896 896"
                              width="1em"
                            >
                              <path
                                d="M799.86 166.31c.02 0 .04.02.08.06l57.69 57.7c.04.03.05.05.06.08a.12.12 0 010 .06c0 .03-.02.05-.06.09L569.93 512l287.7 287.7c.04.04.05.06.06.09a.12.12 0 010 .07c0 .02-.02.04-.06.08l-57.7 57.69c-.03.04-.05.05-.07.06a.12.12 0 01-.07 0c-.03 0-.05-.02-.09-.06L512 569.93l-287.7 287.7c-.04.04-.06.05-.09.06a.12.12 0 01-.07 0c-.02 0-.04-.02-.08-.06l-57.69-57.7c-.04-.03-.05-.05-.06-.07a.12.12 0 010-.07c0-.03.02-.05.06-.09L454.07 512l-287.7-287.7c-.04-.04-.05-.06-.06-.09a.12.12 0 010-.07c0-.02.02-.04.06-.08l57.7-57.69c.03-.04.05-.05.07-.06a.12.12 0 01.07 0c.03 0 .05.02.09.06L512 454.07l287.7-287.7c.04-.04.06-.05.09-.06a.12.12 0 01.07 0z"
                              />
                            </svg>
                          </span>
                        </a>
                      </div>
                    </div>
                  </div>
                </span>
              </div>
            </td>
          </tr>
        </tbody>
      </table>
    </div>
  </div>
</DocumentFragment>
`;
