// Vitest Snapshot v1, https://vitest.dev/guide/snapshot.html

exports[`descriptions > üèä ProDescriptions support order 1`] = `
<DocumentFragment>
  <div
    class="ant-descriptions ant-pro-descriptions"
  >
    <div
      class="ant-descriptions-view"
    >
      <table>
        <tbody>
          <tr
            class="ant-descriptions-row"
          >
            <td
              class="ant-descriptions-item"
              colspan="1"
            >
              <div
                class="ant-descriptions-item-container"
              >
                <span
                  class="ant-descriptions-item-label"
                >
                  Ê†áÈ¢ò
                </span>
                <span
                  class="ant-descriptions-item-content"
                  style="min-width: 0;"
                >
                  test
                </span>
              </div>
            </td>
            <td
              class="ant-descriptions-item"
              colspan="1"
            >
              <div
                class="ant-descriptions-item-container"
              >
                <span
                  class="ant-descriptions-item-label"
                >
                  ËøõÂ∫¶Êù°1
                </span>
                <span
                  class="ant-descriptions-item-content"
                  style="min-width: 0;"
                >
                  <div
                    aria-valuemax="100"
                    aria-valuemin="0"
                    aria-valuenow="40"
                    class="ant-progress ant-progress-status-active ant-progress-line ant-progress-line-align-end ant-progress-line-position-outer ant-progress-show-info ant-progress-small"
                    role="progressbar"
                    style="min-width: 100px; max-width: 320px;"
                  >
                    <div
                      class="ant-progress-outer"
                      style="width: 100%;"
                    >
                      <div
                        class="ant-progress-inner"
                      >
                        <div
                          class="ant-progress-bg ant-progress-bg-outer"
                          style="width: 40%; height: 6px; --progress-percent: 0.4;"
                        />
                      </div>
                      <span
                        class="ant-progress-text ant-progress-text-end ant-progress-text-outer"
                        title="40%"
                      >
                        40%
                      </span>
                    </div>
                  </div>
                </span>
              </div>
            </td>
            <td
              class="ant-descriptions-item"
              colspan="1"
            >
              <div
                class="ant-descriptions-item-container"
              >
                <span
                  class="ant-descriptions-item-label"
                >
                  ËøõÂ∫¶Êù°3
                </span>
                <span
                  class="ant-descriptions-item-content"
                  style="min-width: 0;"
                >
                  <div
                    aria-valuemax="100"
                    aria-valuemin="0"
                    aria-valuenow="100"
                    class="ant-progress ant-progress-status-success ant-progress-line ant-progress-line-align-end ant-progress-line-position-outer ant-progress-show-info ant-progress-small"
                    role="progressbar"
                    style="min-width: 100px; max-width: 320px;"
                  >
                    <div
                      class="ant-progress-outer"
                      style="width: 100%;"
                    >
                      <div
                        class="ant-progress-inner"
                      >
                        <div
                          class="ant-progress-bg ant-progress-bg-outer"
                          style="width: 100%; height: 6px; --progress-percent: 1;"
                        />
                      </div>
                      <span
                        class="ant-progress-text ant-progress-text-end ant-progress-text-outer"
                      >
                        <span
                          aria-label="check-circle"
                          class="anticon anticon-check-circle"
                          role="img"
                        >
                          <svg
                            aria-hidden="true"
                            data-icon="check-circle"
                            fill="currentColor"
                            focusable="false"
                            height="1em"
                            viewBox="64 64 896 896"
                            width="1em"
                          >
                            <path
                              d="M512 64C264.6 64 64 264.6 64 512s200.6 448 448 448 448-200.6 448-448S759.4 64 512 64zm193.5 301.7l-210.6 292a31.8 31.8 0 01-51.7 0L318.5 484.9c-3.8-5.3 0-12.7 6.5-12.7h46.9c10.2 0 19.9 4.9 25.9 13.3l71.2 98.8 157.2-218c6-8.3 15.6-13.3 25.9-13.3H699c6.5 0 10.3 7.4 6.5 12.7z"
                            />
                          </svg>
                        </span>
                      </span>
                    </div>
                  </div>
                </span>
              </div>
            </td>
          </tr>
          <tr
            class="ant-descriptions-row"
          >
            <td
              class="ant-descriptions-item"
              colspan="3"
            >
              <div
                class="ant-descriptions-item-container"
              >
                <span
                  class="ant-descriptions-item-label"
                >
                  ËøõÂ∫¶Êù°2
                </span>
                <span
                  class="ant-descriptions-item-content"
                  style="min-width: 0;"
                >
                  <div
                    aria-valuemax="100"
                    aria-valuemin="0"
                    aria-valuenow="-1"
                    class="ant-progress ant-progress-status-exception ant-progress-line ant-progress-line-align-end ant-progress-line-position-outer ant-progress-show-info ant-progress-small"
                    role="progressbar"
                    style="min-width: 100px; max-width: 320px;"
                  >
                    <div
                      class="ant-progress-outer"
                      style="width: 100%;"
                    >
                      <div
                        class="ant-progress-inner"
                      >
                        <div
                          class="ant-progress-bg ant-progress-bg-outer"
                          style="width: 0%; height: 6px; --progress-percent: 0;"
                        />
                      </div>
                      <span
                        class="ant-progress-text ant-progress-text-end ant-progress-text-outer"
                      >
                        <span
                          aria-label="close-circle"
                          class="anticon anticon-close-circle"
                          role="img"
                        >
                          <svg
                            aria-hidden="true"
                            data-icon="close-circle"
                            fill="currentColor"
                            fill-rule="evenodd"
                            focusable="false"
                            height="1em"
                            viewBox="64 64 896 896"
                            width="1em"
                          >
                            <path
                              d="M512 64c247.4 0 448 200.6 448 448S759.4 960 512 960 64 759.4 64 512 264.6 64 512 64zm127.98 274.82h-.04l-.08.06L512 466.75 384.14 338.88c-.04-.05-.06-.06-.08-.06a.12.12 0 00-.07 0c-.03 0-.05.01-.09.05l-45.02 45.02a.2.2 0 00-.05.09.12.12 0 000 .07v.02a.27.27 0 00.06.06L466.75 512 338.88 639.86c-.05.04-.06.06-.06.08a.12.12 0 000 .07c0 .03.01.05.05.09l45.02 45.02a.2.2 0 00.09.05.12.12 0 00.07 0c.02 0 .04-.01.08-.05L512 557.25l127.86 127.87c.04.04.06.05.08.05a.12.12 0 00.07 0c.03 0 .05-.01.09-.05l45.02-45.02a.2.2 0 00.05-.09.12.12 0 000-.07v-.02a.27.27 0 00-.05-.06L557.25 512l127.87-127.86c.04-.04.05-.06.05-.08a.12.12 0 000-.07c0-.03-.01-.05-.05-.09l-45.02-45.02a.2.2 0 00-.09-.05.12.12 0 00-.07 0z"
                            />
                          </svg>
                        </span>
                      </span>
                    </div>
                  </div>
                </span>
              </div>
            </td>
          </tr>
        </tbody>
      </table>
    </div>
  </div>
</DocumentFragment>
`;
